== 1790450760.000041.C1_dense_decode.dgpu rc=0
W20260926 19:26:20.232683 131377546992256 simple_timer.cpp:55] [rocprofv3] tool initialization ::     0.039271 sec
W20260926 19:26:20.232945 131377546992256 simple_timer.cpp:55] [rocprofv3] './harness gemv qa 8' ::     0.000000 sec
W20260926 19:26:20.268513 131377546992256 tool.cpp:2424] HSA version 1.18.0 initialized (instance=0)
[kb] device 0 = AMD Radeon RX 9070 XT (gfx1201), 32 CUs, 2520 MHz
E20260926 19:26:20.270842 131377546992256 output_stream.cpp:111] Opened result file: results/att_tB8_qa_b8/run_gfx1201_code_object_id_1.out
E20260926 19:26:20.271938 131377546992256 output_stream.cpp:111] Opened result file: results/att_tB8_qa_b8/run_gfx1201_code_object_id_2.out
E20260926 19:26:20.272844 131377546992256 output_stream.cpp:111] Opened result file: results/att_tB8_qa_b8/run_gfx1201_code_object_id_3.out
E20260926 19:26:20.274813 131377546992256 output_stream.cpp:111] Opened result file: results/att_tB8_qa_b8/run_gfx1201_code_object_id_4.out
E20260926 19:26:20.277284 131377546992256 output_stream.cpp:111] Opened result file: results/att_tB8_qa_b8/run_gfx1201_code_object_id_5.out
E20260926 19:26:20.279363 131377546992256 output_stream.cpp:111] Opened result file: results/att_tB8_qa_b8/run_gfx1201_code_object_id_6.out
E20260926 19:26:20.281650 131377546992256 output_stream.cpp:111] Opened result file: results/att_tB8_qa_b8/run_gfx1201_code_object_id_7.out

#### gemv qa 8
E20260926 19:26:20.297722 131377546992256 output_stream.cpp:111] Opened result file: results/att_tB8_qa_b8/run_gfx1201_code_object_id_8.out
E20260926 19:26:20.321661 131377546992256 output_stream.cpp:111] Opened result file: results/att_tB8_qa_b8/run_gfx1201_code_object_id_9.out
E20260926 19:26:20.622804 131377425020608 output_stream.cpp:111] Opened result file: results/att_tB8_qa_b8/run_17220_shader_engine_0_17.att
E20260926 19:26:20.623028 131377425020608 output_stream.cpp:111] Opened result file: results/att_tB8_qa_b8/run_17220_shader_engine_0_18.att
E20260926 19:26:20.623251 131377425020608 output_stream.cpp:111] Opened result file: results/att_tB8_qa_b8/run_17220_shader_engine_0_22.att
E20260926 19:26:20.623448 131377425020608 output_stream.cpp:111] Opened result file: results/att_tB8_qa_b8/run_17220_shader_engine_0_23.att
E20260926 19:26:20.623641 131377425020608 output_stream.cpp:111] Opened result file: results/att_tB8_qa_b8/run_17220_shader_engine_0_27.att
E20260926 19:26:20.623837 131377425020608 output_stream.cpp:111] Opened result file: results/att_tB8_qa_b8/run_17220_shader_engine_0_28.att
CMP qa base vs cpu_ref b=8             n=10240 bitexact=no bit_diff=6280 nonfinite=0 max_abs=1.221e-04 max_rel=1.931e-04 rmse=2.920e-05 rel_rmse=8.737e-08 worst_idx=48
KBJSON {"cmp":"qa base vs cpu_ref b=8","bitexact":0,"bit_diff":6280,"nonfinite":0,"max_abs":1.2207e-04,"rel_rmse":8.7366e-08}
CMP qa q8_0_gemv_bpack_tB8 vs base b=8 n=10240 bitexact=YES bit_diff=0 nonfinite=0 max_abs=0.000e+00 max_rel=0.000e+00 rmse=0.000e+00 rel_rmse=0.000e+00 worst_idx=0
KBJSON {"cmp":"qa q8_0_gemv_bpack_tB8 vs base b=8","bitexact":1,"bit_diff":0,"nonfinite":0,"max_abs":0.0000e+00,"rel_rmse":0.0000e+00}
CMP qa q8_0_gemv_bpack_tB8_w4 vs base b=8 n=10240 bitexact=YES bit_diff=0 nonfinite=0 max_abs=0.000e+00 max_rel=0.000e+00 rmse=0.000e+00 rel_rmse=0.000e+00 worst_idx=0
KBJSON {"cmp":"qa q8_0_gemv_bpack_tB8_w4 vs base b=8","bitexact":1,"bit_diff":0,"nonfinite":0,"max_abs":0.0000e+00,"rel_rmse":0.0000e+00}
CMP qa q8_0_gemv_bpack_tB8_w16 vs base b=8 n=10240 bitexact=YES bit_diff=0 nonfinite=0 max_abs=0.000e+00 max_rel=0.000e+00 rmse=0.000e+00 rel_rmse=0.000e+00 worst_idx=0
KBJSON {"cmp":"qa q8_0_gemv_bpack_tB8_w16 vs base b=8","bitexact":1,"bit_diff":0,"nonfinite":0,"max_abs":0.0000e+00,"rel_rmse":0.0000e+00}

== gemv q_a 1280x5120 b=8 copies=5 cold(readflush72MB) graph  (rounds=60 inner=5 graph=1 flush=1)
variant                                      med_us     p10_us     p90_us  vs_base      GB/s   GFLOP/s
base q8_0_gemv_bpack_warp8                    29.21      28.54      29.31    1.000     238.4       0.0
cand q8_0_gemv_bpack_tB8                      20.75      20.55      20.89    0.710     335.5       0.0
cand q8_0_gemv_bpack_tB8_w4                   20.67      20.53      20.80    0.708     336.8       0.0
cand q8_0_gemv_bpack_tB8_w16                  20.81      20.70      20.94    0.712     334.6       0.0
null 1-WG kernel (launch floor)                6.91       6.86       6.97    0.237       0.0       0.0
KBJSON {"tag":"gemv q_a 1280x5120 b=8 copies=5 cold(readflush72MB) graph","variant":"base q8_0_gemv_bpack_warp8","med_us":29.208,"p10_us":28.536,"p90_us":29.312,"ratio":1.0000,"gbps":238.40,"graph":1,"flush":1}
KBJSON {"tag":"gemv q_a 1280x5120 b=8 copies=5 cold(readflush72MB) graph","variant":"cand q8_0_gemv_bpack_tB8","med_us":20.752,"p10_us":20.552,"p90_us":20.888,"ratio":0.7105,"gbps":335.54,"graph":1,"flush":1}
KBJSON {"tag":"gemv q_a 1280x5120 b=8 copies=5 cold(readflush72MB) graph","variant":"cand q8_0_gemv_bpack_tB8_w4","med_us":20.672,"p10_us":20.528,"p90_us":20.800,"ratio":0.7078,"gbps":336.84,"graph":1,"flush":1}
KBJSON {"tag":"gemv q_a 1280x5120 b=8 copies=5 cold(readflush72MB) graph","variant":"cand q8_0_gemv_bpack_tB8_w16","med_us":20.808,"p10_us":20.696,"p90_us":20.936,"ratio":0.7124,"gbps":334.64,"graph":1,"flush":1}
KBJSON {"tag":"gemv q_a 1280x5120 b=8 copies=5 cold(readflush72MB) graph","variant":"null 1-WG kernel (launch floor)","med_us":6.912,"p10_us":6.864,"p90_us":6.968,"ratio":0.2366,"gbps":0.00,"graph":1,"flush":1}
W20260926 19:26:20.699748 131377546992256 simple_timer.cpp:55] [rocprofv3] './harness gemv qa 8' ::     0.466804 sec
W20260926 19:26:20.710088 131377546992256 generateRocpd.cpp:583] writing SQL database for process 36621 on node 868250506
E20260926 19:26:20.710337 131377546992256 generateRocpd.cpp:606] Opened result file: results/att_tB8_qa_b8/run_results.db (UUID=00000023-eb69-7b69-bf2b-3fdeaa160ec5)
W20260926 19:26:21.427190 131377546992256 simple_timer.cpp:55] SQLite3 generation :: rocpd_string             ::     0.015521 sec
W20260926 19:26:21.439229 131377546992256 simple_timer.cpp:55] SQLite3 generation :: rocpd_info_node          ::     0.012024 sec
W20260926 19:26:21.451214 131377546992256 simple_timer.cpp:55] SQLite3 generation :: rocpd_info_process       ::     0.011980 sec
W20260926 19:26:21.484163 131377546992256 simple_timer.cpp:55] SQLite3 generation :: rocpd_info_agent         ::     0.011086 sec
W20260926 19:26:21.484176 131377546992256 simple_timer.cpp:55] SQLite3 generation :: rocpd_info_pmc           ::     0.000007 sec
W20260926 19:26:21.497213 131377546992256 simple_timer.cpp:55] SQLite3 generation :: rocpd kernel info        ::     0.013033 sec
W20260926 19:26:21.497220 131377546992256 simple_timer.cpp:55] SQLite3 generation :: rocpd_region             ::     0.000001 sec
W20260926 19:26:21.497222 131377546992256 simple_timer.cpp:55] SQLite3 generation :: rocpd_kernel_dispatch    ::     0.000000 sec
W20260926 19:26:21.497225 131377546992256 simple_timer.cpp:55] SQLite3 generation :: rocpd_pmc_event          ::     0.000000 sec
W20260926 19:26:21.497227 131377546992256 simple_timer.cpp:55] SQLite3 generation :: rocpd_memory_copy        ::     0.000000 sec
W20260926 19:26:21.497229 131377546992256 simple_timer.cpp:55] SQLite3 generation :: rocpd_memory_allocate    ::     0.000001 sec
W20260926 19:26:21.497307 131377546992256 simple_timer.cpp:55] SQLite3 generation :: SQL indexing             ::     0.000076 sec
W20260926 19:26:21.497558 131377546992256 simple_timer.cpp:55] SQLite3 generation :: total                    ::     0.787470 sec
E20260926 19:26:21.520439 131377546992256 att_lib_wrapper.cpp:66] unable to delete codeobj 5
E20260926 19:26:21.520465 131377546992256 att_lib_wrapper.cpp:66] unable to delete codeobj 7
E20260926 19:26:21.540406 131377546992256 att_lib_wrapper.cpp:66] unable to delete codeobj 5
E20260926 19:26:21.540428 131377546992256 att_lib_wrapper.cpp:66] unable to delete codeobj 7
E20260926 19:26:21.562413 131377546992256 att_lib_wrapper.cpp:66] unable to delete codeobj 5
E20260926 19:26:21.562432 131377546992256 att_lib_wrapper.cpp:66] unable to delete codeobj 7
E20260926 19:26:21.584624 131377546992256 att_lib_wrapper.cpp:66] unable to delete codeobj 5
E20260926 19:26:21.584646 131377546992256 att_lib_wrapper.cpp:66] unable to delete codeobj 7
E20260926 19:26:21.606737 131377546992256 att_lib_wrapper.cpp:66] unable to delete codeobj 5
E20260926 19:26:21.606759 131377546992256 att_lib_wrapper.cpp:66] unable to delete codeobj 7
E20260926 19:26:21.628783 131377546992256 att_lib_wrapper.cpp:66] unable to delete codeobj 5
E20260926 19:26:21.628803 131377546992256 att_lib_wrapper.cpp:66] unable to delete codeobj 7
W20260926 19:26:21.633143 131377546992256 simple_timer.cpp:55] [rocprofv3] output generation ::     0.931811 sec
W20260926 19:26:21.633206 131377546992256 simple_timer.cpp:55] [rocprofv3] tool finalization ::     0.931878 sec
results/att_tB8_qa_b8/stats_ui_output_agent_17220_dispatch_17.csv
results/att_tB8_qa_b8/stats_ui_output_agent_17220_dispatch_18.csv
results/att_tB8_qa_b8/stats_ui_output_agent_17220_dispatch_22.csv
results/att_tB8_qa_b8/stats_ui_output_agent_17220_dispatch_23.csv
results/att_tB8_qa_b8/stats_ui_output_agent_17220_dispatch_27.csv
results/att_tB8_qa_b8/stats_ui_output_agent_17220_dispatch_28.csv
