warning: Nix search path entry '/nix/var/nix/profiles/per-user/root/channels' does not exist, ignoring
  t = torch.frombuffer(buf, dtype=dt)
T=1006 tokens; ownership top-103/layer; weights = LRU p_miss (cap 4000)

== k=0 (layer l+0's gate on the residual after layer l)
bucket N | recall_w r1 r2 r1-2 r1-3 all | recall_u r1 r2 r1-2 all | cold r1 r1-2 all | hints/row (w, cold) prec_any prec_prot1 prec_prot2
enc  1 | 0.697 0.151 0.428 0.297 0.132 | 0.698 0.160 0.428 0.143 | 0.680 0.398 0.099 | 0.075 0.023 0.940 0.680 0.822
enc  2 | 0.852 0.544 0.701 0.530 0.251 | 0.854 0.561 0.707 0.274 | 0.842 0.687 0.200 | 0.156 0.052 0.867 0.401 0.649
enc  3 | 0.908 0.708 0.810 0.687 0.365 | 0.906 0.728 0.817 0.394 | 0.908 0.798 0.303 | 0.251 0.093 0.784 0.266 0.467
enc  6 | 0.951 0.864 0.909 0.848 0.613 | 0.953 0.881 0.917 0.641 | 0.941 0.883 0.555 | 0.644 0.305 0.513 0.109 0.204
enc  8 | 0.962 0.899 0.931 0.886 0.700 | 0.963 0.911 0.937 0.725 | 0.950 0.903 0.648 | 0.970 0.488 0.389 0.073 0.139
enc 12 | 0.972 0.931 0.952 0.919 0.791 | 0.974 0.938 0.956 0.810 | 0.965 0.933 0.748 | 1.724 0.926 0.247 0.041 0.080
dec  1 | 0.732 0.131 0.430 0.299 0.148 | 0.738 0.147 0.443 0.153 | 0.739 0.440 0.151 | 0.089 0.046 0.961 0.759 0.896
dec  2 | 0.905 0.627 0.765 0.574 0.298 | 0.899 0.638 0.768 0.303 | 0.916 0.772 0.295 | 0.187 0.097 0.921 0.445 0.756
dec  3 | 0.955 0.810 0.882 0.770 0.440 | 0.944 0.801 0.873 0.440 | 0.964 0.898 0.433 | 0.291 0.152 0.872 0.301 0.559
dec  6 | 0.985 0.939 0.962 0.923 0.734 | 0.975 0.922 0.949 0.723 | 0.993 0.981 0.747 | 0.651 0.368 0.650 0.139 0.273
dec  8 | 0.990 0.958 0.974 0.948 0.818 | 0.983 0.943 0.963 0.806 | 0.997 0.988 0.834 | 0.929 0.551 0.508 0.098 0.193
dec 12 | 0.993 0.972 0.982 0.969 0.895 | 0.986 0.960 0.973 0.879 | 0.997 0.993 0.919 | 1.577 0.996 0.327 0.058 0.115
all  1 | 0.717 0.140 0.429 0.298 0.140 | 0.718 0.154 0.435 0.148 | 0.720 0.426 0.129 | 0.082 0.034 0.951 0.722 0.862
all  2 | 0.882 0.591 0.737 0.554 0.276 | 0.876 0.598 0.737 0.287 | 0.893 0.744 0.255 | 0.172 0.075 0.896 0.425 0.707
all  3 | 0.934 0.766 0.850 0.733 0.404 | 0.925 0.763 0.844 0.415 | 0.947 0.866 0.379 | 0.271 0.123 0.831 0.285 0.516
all  6 | 0.970 0.907 0.938 0.889 0.675 | 0.964 0.901 0.932 0.679 | 0.977 0.949 0.667 | 0.648 0.336 0.582 0.124 0.239
all  8 | 0.978 0.933 0.955 0.920 0.761 | 0.973 0.927 0.950 0.762 | 0.982 0.961 0.756 | 0.949 0.519 0.447 0.085 0.166
all 12 | 0.983 0.955 0.969 0.947 0.845 | 0.980 0.949 0.964 0.842 | 0.987 0.973 0.847 | 1.650 0.961 0.286 0.049 0.097

== k=1 (layer l+1's gate on the residual after layer l)
bucket N | recall_w r1 r2 r1-2 r1-3 all | recall_u r1 r2 r1-2 all | cold r1 r1-2 all | hints/row (w, cold) prec_any prec_prot1 prec_prot2
enc  1 | 0.640 0.146 0.399 0.280 0.126 | 0.651 0.163 0.407 0.140 | 0.643 0.370 0.093 | 0.077 0.025 0.894 0.623 0.760
enc  2 | 0.799 0.511 0.658 0.499 0.241 | 0.815 0.527 0.671 0.267 | 0.786 0.642 0.187 | 0.163 0.060 0.806 0.368 0.592
enc  3 | 0.863 0.671 0.769 0.650 0.349 | 0.878 0.693 0.785 0.382 | 0.850 0.753 0.284 | 0.267 0.109 0.714 0.243 0.423
enc  6 | 0.923 0.814 0.870 0.809 0.584 | 0.935 0.840 0.887 0.620 | 0.905 0.843 0.522 | 0.676 0.337 0.472 0.102 0.189
enc  8 | 0.937 0.850 0.894 0.844 0.665 | 0.948 0.872 0.910 0.699 | 0.923 0.873 0.610 | 1.015 0.538 0.358 0.069 0.129
enc 12 | 0.949 0.891 0.920 0.880 0.753 | 0.958 0.907 0.933 0.779 | 0.941 0.900 0.720 | 1.805 1.025 0.228 0.039 0.075
dec  1 | 0.764 0.131 0.446 0.309 0.153 | 0.770 0.144 0.458 0.158 | 0.745 0.446 0.152 | 0.091 0.046 0.971 0.773 0.907
dec  2 | 0.909 0.653 0.780 0.583 0.302 | 0.911 0.664 0.788 0.307 | 0.904 0.780 0.299 | 0.188 0.097 0.928 0.444 0.766
dec  3 | 0.950 0.824 0.886 0.779 0.441 | 0.947 0.820 0.884 0.444 | 0.949 0.890 0.432 | 0.291 0.152 0.874 0.299 0.562
dec  6 | 0.980 0.934 0.957 0.923 0.745 | 0.976 0.928 0.952 0.738 | 0.983 0.960 0.749 | 0.660 0.375 0.651 0.136 0.268
dec  8 | 0.984 0.950 0.967 0.946 0.827 | 0.981 0.945 0.963 0.819 | 0.987 0.969 0.840 | 0.954 0.571 0.500 0.095 0.187
dec 12 | 0.989 0.968 0.979 0.965 0.895 | 0.986 0.963 0.975 0.885 | 0.989 0.980 0.909 | 1.637 1.052 0.315 0.055 0.110
all  1 | 0.710 0.138 0.425 0.296 0.140 | 0.711 0.154 0.432 0.148 | 0.713 0.422 0.128 | 0.084 0.036 0.937 0.706 0.841
all  2 | 0.861 0.593 0.728 0.546 0.273 | 0.863 0.595 0.729 0.286 | 0.867 0.736 0.253 | 0.176 0.079 0.872 0.409 0.687
all  3 | 0.912 0.759 0.836 0.722 0.397 | 0.912 0.756 0.834 0.411 | 0.918 0.846 0.370 | 0.279 0.131 0.800 0.273 0.497
all  6 | 0.955 0.883 0.919 0.873 0.669 | 0.955 0.883 0.919 0.676 | 0.959 0.923 0.654 | 0.668 0.357 0.563 0.120 0.229
all  8 | 0.964 0.908 0.936 0.901 0.750 | 0.964 0.909 0.936 0.756 | 0.967 0.938 0.745 | 0.983 0.555 0.429 0.082 0.158
all 12 | 0.971 0.935 0.954 0.928 0.828 | 0.972 0.935 0.954 0.829 | 0.974 0.955 0.831 | 1.719 1.039 0.270 0.047 0.092

== k=2 (layer l+2's gate on the residual after layer l)
bucket N | recall_w r1 r2 r1-2 r1-3 all | recall_u r1 r2 r1-2 all | cold r1 r1-2 all | hints/row (w, cold) prec_any prec_prot1 prec_prot2
enc  1 | 0.532 0.146 0.344 0.249 0.117 | 0.556 0.166 0.361 0.134 | 0.536 0.322 0.084 | 0.081 0.029 0.789 0.500 0.630
enc  2 | 0.691 0.415 0.557 0.426 0.215 | 0.719 0.436 0.578 0.244 | 0.670 0.534 0.158 | 0.178 0.073 0.662 0.297 0.466
enc  3 | 0.772 0.547 0.663 0.549 0.305 | 0.793 0.575 0.684 0.341 | 0.760 0.640 0.237 | 0.299 0.139 0.561 0.198 0.331
enc  6 | 0.857 0.708 0.785 0.707 0.487 | 0.874 0.735 0.804 0.526 | 0.862 0.761 0.416 | 0.765 0.427 0.349 0.086 0.153
enc  8 | 0.882 0.754 0.820 0.753 0.558 | 0.896 0.780 0.838 0.596 | 0.889 0.798 0.495 | 1.145 0.677 0.267 0.059 0.107
enc 12 | 0.906 0.806 0.858 0.803 0.644 | 0.920 0.831 0.876 0.679 | 0.905 0.832 0.587 | 1.996 1.249 0.177 0.035 0.064
dec  1 | 0.673 0.156 0.413 0.293 0.148 | 0.663 0.169 0.416 0.151 | 0.719 0.443 0.157 | 0.093 0.051 0.913 0.660 0.815
dec  2 | 0.832 0.568 0.700 0.537 0.288 | 0.821 0.569 0.695 0.288 | 0.871 0.735 0.297 | 0.198 0.108 0.841 0.386 0.653
dec  3 | 0.891 0.727 0.809 0.703 0.414 | 0.879 0.720 0.800 0.410 | 0.929 0.845 0.426 | 0.311 0.174 0.768 0.263 0.480
dec  6 | 0.941 0.866 0.903 0.853 0.661 | 0.929 0.855 0.892 0.650 | 0.970 0.934 0.685 | 0.720 0.439 0.530 0.120 0.231
dec  8 | 0.950 0.894 0.922 0.885 0.735 | 0.938 0.883 0.911 0.722 | 0.975 0.949 0.762 | 1.046 0.665 0.405 0.083 0.163
dec 12 | 0.962 0.922 0.942 0.916 0.811 | 0.951 0.909 0.930 0.797 | 0.984 0.967 0.841 | 1.777 1.194 0.263 0.050 0.098
all  1 | 0.612 0.152 0.384 0.274 0.134 | 0.610 0.167 0.389 0.142 | 0.663 0.405 0.127 | 0.088 0.040 0.858 0.590 0.734
all  2 | 0.772 0.505 0.639 0.490 0.255 | 0.771 0.504 0.637 0.266 | 0.810 0.672 0.241 | 0.189 0.092 0.761 0.346 0.569
all  3 | 0.840 0.653 0.747 0.637 0.364 | 0.837 0.648 0.743 0.374 | 0.877 0.781 0.349 | 0.305 0.157 0.672 0.233 0.411
all  6 | 0.905 0.801 0.853 0.791 0.581 | 0.902 0.796 0.849 0.586 | 0.937 0.880 0.576 | 0.741 0.433 0.441 0.103 0.193
all  8 | 0.921 0.836 0.879 0.828 0.654 | 0.917 0.832 0.875 0.657 | 0.949 0.902 0.653 | 1.093 0.671 0.337 0.071 0.135
all 12 | 0.938 0.874 0.906 0.868 0.734 | 0.936 0.870 0.903 0.737 | 0.960 0.925 0.738 | 1.881 1.220 0.220 0.042 0.081
k=0: box-2-owned rank-1 picks 14541 of 40240 rows; expected non-resident (sum p_miss) 3326.1; cold (p>=0.5) 1466
k=1: box-2-owned rank-1 picks 14215 of 39234 rows; expected non-resident (sum p_miss) 3279.6; cold (p>=0.5) 1464
k=2: box-2-owned rank-1 picks 13968 of 38228 rows; expected non-resident (sum p_miss) 3233.7; cold (p>=0.5) 1452
done 20s rss 953 MB
